MO display_string NULL labkit_serial.v vlg18/display__string.bin 1537496933
MO ascii2dots NULL labkit_serial.v vlg21/ascii2dots.bin 1537496933
MO debounce NULL labkit_serial.v vlg1D/debounce.bin 1537496934
MO labkit NULL labkit_serial.v vlg7B/labkit.bin 1537496933
MO rs232send NULL labkit_serial.v vlg5A/rs232send.bin 1537496934
