MO deathstar NULL deathstar.v vlg4C/deathstar.bin 1538428621
MO xvga NULL lab3.v vlg02/xvga.bin 1538428621
MO lab3 NULL lab3.v vlg52/lab3.bin 1538428621
MO pong_game NULL lab3.v vlg5D/pong__game.bin 1538428621
MO debounce NULL lab3.v vlg1D/debounce.bin 1538428621
MO ps2_mouse_interface NULL ps2_mouse.v vlg51/ps2__mouse__interface.bin 1538428715
MO ps2_mouse_xy NULL ps2_mouse.v vlg39/ps2__mouse__xy.bin 1538428715
MO picture_blob NULL lab3.v vlg32/picture__blob.bin 1538428621
MO blob NULL lab3.v vlg73/blob.bin 1538428621
